cc1plus: fatal error: asymCompKernelMain_bf16.cu: No such file or directory
compilation terminated.
